Question 1 :
nazneen@LAPTOP-DPBP0KKU:~$ date
Mon 07 Sep 2020 09:31:28 AM PDT
nazneen@LAPTOP-DPBP0KKU:~$ cal
   September 2020     
Su Mo Tu We Th Fr Sa  
       1  2  3  4  5  
 6  7  8  9 10 11 12  
13 14 15 16 17 18 19  
20 21 22 23 24 25 26  
27 28 29 30           
                      
nazneen@LAPTOP-DPBP0KKU:~$ bc
bc 1.07.1
Copyright 1991-1994, 1997, 1998, 2000, 2004, 2006, 2008, 2012-2017 Free Software Foundation, Inc.
This is free software with ABSOLUTELY NO WARRANTY.
For details type `warranty'. 
quit

nazneen@LAPTOP-DPBP0KKU:~$ echo Nazneen
Nazneen

nazneen@LAPTOP-DPBP0KKU:~$ who
Nazneen :0           2020-09-07 09:26 (:0)

nazneen@LAPTOP-DPBP0KKU:~$ whoami
Nazneen

nazneen@LAPTOP-DPBP0KKU:~$ logname
Nazneen

nazneen@LAPTOP-DPBP0KKU:~$ uname
Linux
nazneen@LAPTOP-DPBP0KKU:~$ seq 1 2 10
1
3
5
7
9

nazneen@LAPTOP-DPBP0KKU:~$ clear

-----------------------------------------------------------------------------------------------

Question 2 :
nazneen@LAPTOP-DPBP0KKU:~$ mkdir a b c
nazneen@LAPTOP-DPBP0KKU:~$ touch a/a.txt b/b.txt c/c.txt
nazneen@LAPTOP-DPBP0KKU:~$ cp c a
nazneen@LAPTOP-DPBP0KKU:~$ cp -r c a

nazneen@LAPTOP-DPBP0KKU:~$ mv b c

nazneen@LAPTOP-DPBP0KKU:~$ alias nazneen='ls -lh'
nazneen@LAPTOP-DPBP0KKU:~$ nazneen
total 44K
drwxrwxr-x 3 Nazneen Nazneen 4.0K Sep  7 09:48 a
-rw-rw-r-- 1 Nazneen Nazneen 1.1K Sep  7 09:48 Assignment1
drwxrwxr-x 3 Nazneen Nazneen 4.0K Sep  7 09:48 c
drwxr-xr-x 2 Nazneen Nazneen 4.0K Sep  7 08:52 Desktop
drwxr-xr-x 2 Nazneen Nazneen 4.0K Sep  7 08:52 Documents
drwxr-xr-x 2 Nazneen Nazneen 4.0K Sep  7 08:52 Downloads
drwxr-xr-x 2 Nazneen Nazneen 4.0K Sep  7 08:52 Music
drwxr-xr-x 2 Nazneen Nazneen 4.0K Sep  7 08:52 Pictures
drwxr-xr-x 2 Nazneen Nazneen 4.0K Sep  7 08:52 Public
drwxr-xr-x 2 Nazneen Nazneen 4.0K Sep  7 08:52 Templates
drwxr-xr-x 2 Nazneen Nazneen 4.0K Sep  7 08:52 Videos

nazneen@LAPTOP-DPBP0KKU:~$ mv a cdac

----------------------------------------------------------------------------------------------
Question 3 :
nazneen@LAPTOP-DPBP0KKU:~$ cat file1.txt > file2.txt
nazneen@LAPTOP-DPBP0KKU:~$ cat file2.txt 
This a new File
Writing and copying the contents of file to another file using cat command.
nazneen@LAPTOP-DPBP0KKU:~$ cat file1.txt > file3.txt
nazneen@LAPTOP-DPBP0KKU:~$ cat file1.txt > file4.txt
nazneen@LAPTOP-DPBP0KKU:~$ cat file1.txt > file5.txt
nazneen@LAPTOP-DPBP0KKU:~$ cat file?.txt
This a new File
Writing and copying the contents of file to another file using cat command.
This a new File
Writing and copying the contents of file to another file using cat command.
This a new File
Writing and copying the contents of file to another file using cat command.
This a new File
Writing and copying the contents of file to another file using cat command.
This a new File
Writing and copying the contents of file to another file using cat command.
nazneen@LAPTOP-DPBP0KKU:~$ cat file?.txt | grep 's'
This a new File
Writing and copying the contents of file to another file using cat command.
This a new File
Writing and copying the contents of file to another file using cat command.
This a new File
Writing and copying the contents of file to another file using cat command.
This a new File
Writing and copying the contents of file to another file using cat command.
This a new File
Writing and copying the contents of file to another file using cat command.
nazneen@LAPTOP-DPBP0KKU:~$ 

nazneen@LAPTOP-DPBP0KKU:~$ cat > file.txt
nazneen@LAPTOP-DPBP0KKU:~$ nano file.txt
nazneen@LAPTOP-DPBP0KKU:~$ cat file.txt
Hi I'm editing this file using nano editor.
This is Fun!
nazneen@LAPTOP-DPBP0KKU:~$ 

nazneen@LAPTOP-DPBP0KKU:~$ touch file1.txt file2.txt file3.txt file4.txt file5.txt

nazneen@LAPTOP-DPBP0KKU:~$ rm -rf cdac c
nazneen@LAPTOP-DPBP0KKU:~$ ls

------------------------------------------------------------------------------------------

Question 3 :
nazneen@LAPTOP-DPBP0KKU:~$ vi file1.txt

nazneen@LAPTOP-DPBP0KKU:~$ cat file1.txt 
HI IM EDITING THIS FILE IN VI AND IT IS NOT FUN
nazneen@LAPTOP-DPBP0KKU:~$ 

nazneen@LAPTOP-DPBP0KKU:~$ cat -n file1.txt 
     1	HI IM EDITING THIS FILE IN VI AND IT IS NOT FUN
nazneen@LAPTOP-DPBP0KKU:~$ 

nazneen@LAPTOP-DPBP0KKU:~$ cat file1.txt 
HI IM EDITING THIS FILE IN VI AND IT IS NOT FUN
Hello this is another line
and a new line
another line again
nazneen@LAPTOP-DPBP0KKU:~$ tac file1.txt 
another line again
and a new line
Hello this is another line
HI IM EDITING THIS FILE IN VI AND IT IS NOT FUN
nazneen@LAPTOP-DPBP0KKU:~$ 

nazneen@LAPTOP-DPBP0KKU:~$ cat file1.txt 
This a new File
Writing and copying the contents of file to another file using cat command.
nazneen@LAPTOP-DPBP0KKU:~$ cat file1.txt > file2.txt
nazneen@LAPTOP-DPBP0KKU:~$ cat file1.txt file2.txt > file3.txt
nazneen@LAPTOP-DPBP0KKU:~$ cat file3.txt
This a new File
Writing and copying the contents of file to another file using cat command.This a new File
Writing and copying the contents of file to another file using cat command.

------------------------------------------------------------------------------------------

Question 5 :

nazneen@LAPTOP-DPBP0KKU:~$ paste file1.txt file2.txt | pr -T -e10
One       Eight
Two       Eleven
Three     Five
Four      Four
Five      Nine
Six       One
Seven     Seven
Eight     Six
Nine      Ten
Ten       Thirteen
Eleven    Three
Twelve    Twelve
Thirteen  Two
nazneen@LAPTOP-DPBP0KKU:~$ 

nazneen@LAPTOP-DPBP0KKU:~$ mkdir -p dir1/newdir dir2
nazneen@LAPTOP-DPBP0KKU:~$ 
nazneen@LAPTOP-DPBP0KKU:~$ touch dir1/newfile dir1/newdir/newfile2
nazneen@LAPTOP-DPBP0KKU:~$ 

nazneen@LAPTOP-DPBP0KKU:~$ cat > file.txt 
a  
c
e
f
b
d
g
m
i
h
nazneen@LAPTOP-DPBP0KKU:~$ sort file.txt 
a
b
c
d
e
f
g
h
i
m
nazneen@LAPTOP-DPBP0KKU:~$ sort -r file.txt 
m
i
h
g
f
e
d
c
b
a
nazneen@LAPTOP-DPBP0KKU:~$ 

nazneen@LAPTOP-DPBP0KKU:~$ touch .a.txt
nazneen@LAPTOP-DPBP0KKU:~$ ls
Assignment1  dir1  Documents  file.txt  Pictures  Templates
Desktop      dir2  Downloads  Music     Public    Videos
nazneen@LAPTOP-DPBP0KKU:~$ ls -a
.              .bash_logout  dir1       .gnupg    Pictures                   Templates
..             .bashrc       dir2       .lesshst  .profile                   Videos
Assignment1    .cache        Documents  .local    Public
.a.txt         .config       Downloads  .mozilla  .ssh
.bash_history  Desktop       file.txt   Music     .sudo_as_admin_successful
nazneen@LAPTOP-DPBP0KKU:~$ 

nazneen@LAPTOP-DPBP0KKU:~$ touch -d "Sun, 19 May 1996" newfile.txt
nazneen@LAPTOP-DPBP0KKU:~$ ls -l newfile.txt 
-rw-rw-r-- 1 Nazneen Nazneen 0 May 19  1996 newfile.txt
nazneen@LAPTOP-DPBP0KKU:~$ 

nazneen@LAPTOP-DPBP0KKU:~$ ls -r
Videos     Public    newfile.txt  file.txt   Documents  dir1     Assignment1
Templates  Pictures  Music        Downloads  dir2       Desktop
nazneen@LAPTOP-DPBP0KKU:~$ 

nazneen@LAPTOP-DPBP0KKU:~$ ls -l
total 52
-rw-rw-r-- 1 Nazneen Nazneen 5091 Sep  7 11:15 Assignment1
drwxr-xr-x 2 Nazneen Nazneen 4096 Sep  7 08:52 Desktop
drwxrwxr-x 3 Nazneen Nazneen 4096 Sep  7 11:15 dir1
drwxrwxr-x 2 Nazneen Nazneen 4096 Sep  7 11:13 dir2
drwxr-xr-x 2 Nazneen Nazneen 4096 Sep  7 08:52 Documents
drwxr-xr-x 2 Nazneen Nazneen 4096 Sep  7 08:52 Downloads
-rw-rw-r-- 1 Nazneen Nazneen   20 Sep  7 11:20 file.txt
drwxr-xr-x 2 Nazneen Nazneen 4096 Sep  7 08:52 Music
-rw-rw-r-- 1 Nazneen Nazneen    0 May 19  1996 newfile.txt
drwxr-xr-x 2 Nazneen Nazneen 4096 Sep  7 08:52 Pictures
drwxr-xr-x 2 Nazneen Nazneen 4096 Sep  7 08:52 Public
drwxr-xr-x 2 Nazneen Nazneen 4096 Sep  7 08:52 Templates
drwxr-xr-x 2 Nazneen Nazneen 4096 Sep  7 08:52 Videos
nazneen@LAPTOP-DPBP0KKU:~$ 

nazneen@LAPTOP-DPBP0KKU:~$ ls -ld
drwxr-xr-x 18 Nazneen Nazneen 4096 Sep  7 11:29 .



=============================================================================================
=============================================================================================

Question 1 :
nazneen@LAPTOP-DPBP0KKU:~$ mkdir nazneen
nazneen@LAPTOP-DPBP0KKU:~$ touch nazneen/a.txt nazneen/b.txt nazneen/c.txt nazneen/d.txt
nazneen@LAPTOP-DPBP0KKU:~$ cd nazneen
nazneen@LAPTOP-DPBP0KKU:~/nazneen$ chmod 600 a.txt b.txt 
nazneen@LAPTOP-DPBP0KKU:~/nazneen$ chmod 200 c.txt 
nazneen@LAPTOP-DPBP0KKU:~/nazneen$ cat > d.txt
#/bin/sh
ls -lh
nazneen@LAPTOP-DPBP0KKU:~/Nazneen$ chmod 100 d.txt
nazneen@LAPTOP-DPBP0KKU:~/Nazneen$ ls -l
total 4
-rw------- 1 Nazneen Nazneen  0 Sep  8 02:56 a.txt
-rw------- 1 Nazneen Nazneen  0 Sep  8 02:56 b.txt
--w------- 1 Nazneen Nazneen  0 Sep  8 02:56 c.txt
---x------ 1 Nazneen Nazneen 16 Sep  8 02:59 d.txt
nazneen@LAPTOP-DPBP0KKU:~/Nazneen$ 

Question 2 :
nazneen@LAPTOP-DPBP0KKU:~$ chmod 111 newdir/
nazneen@LAPTOP-DPBP0KKU:~$ ls -l
total 44
d--x--x--x 2 Nazneen Nazneen 4096 Sep  8 02:36 newdir


Question 3:
nazneen@LAPTOP-DPBP0KKU:~$ chmod 444 newdir/
nazneen@LAPTOP-DPBP0KKU:~$ ls -l
total 44
dr--r--r-- 2 Nazneen Nazneen 4096 Sep  8 02:36 newdir

Question 4:
nazneen@LAPTOP-DPBP0KKU:~$ echo *
Assignment1 Desktop Documents Downloads Music newdir Pictures Public Templates Videos

Question 5:
nazneen@LAPTOP-DPBP0KKU:~$ echo /etc/*
/etc/acpi /etc/adduser.conf /etc/alsa /etc/alternatives /etc/anacrontab /etc/apg.conf /etc/apm /etc/apparmor /etc/apparmor.d /etc/apport /etc/appstream.conf /etc/apt /etc/avahi /etc/bash.bashrc /etc/bash_completion /etc/bash_completion.d /etc/bindresvport.blacklist /etc/binfmt.d /etc/bluetooth /etc/brlapi.key /etc/brltty /etc/brltty.conf /etc/ca-certificates /etc/ca-certificates.conf /etc/ca-certificates.conf.dpkg-old /etc/calendar /etc/chatscripts /etc/console-setup /etc/cracklib /etc/cron.d /etc/cron.daily /etc/cron.hourly /etc/cron.monthly /etc/crontab /etc/cron.weekly /etc/cups /etc/cupshelpers /etc/dbus-1 /etc/dconf /etc/debconf.conf /etc/debian_version /etc/default /etc/deluser.conf /etc/depmod.d /etc/dhcp /etc/dictionaries-common /etc/dpkg /etc/e2scrub.conf /etc/emacs /etc/environment /etc/environment.d /etc/ethertypes /etc/firefox /etc/fonts /etc/fprintd.conf /etc/fstab /etc/fuse.conf /etc/fwupd /etc/gai.conf /etc/gamemode.ini /etc/gdb /etc/gdm3 /etc/geoclue /etc/ghostscript /etc/glvnd /etc/gnome /etc/groff /etc/group /etc/group- /etc/grub.d /etc/gshadow /etc/gshadow- /etc/gss /etc/gtk-2.0 /etc/gtk-3.0 /etc/hdparm.conf /etc/host.conf /etc/hostid /etc/hostname /etc/hosts /etc/hosts.allow /etc/hosts.deny /etc/hp /etc/ifplugd /etc/init /etc/init.d /etc/initramfs-tools /etc/inputrc /etc/insserv.conf.d /etc/iproute2 /etc/issue /etc/issue.net /etc/kernel /etc/kernel-img.conf /etc/kerneloops.conf /etc/ldap /etc/ld.so.cache /etc/ld.so.conf /etc/ld.so.conf.d /etc/legal /etc/libao.conf /etc/libaudit.conf /etc/libblockdev /etc/libnl-3 /etc/libpaper.d /etc/libreoffice /etc/locale.alias /etc/locale.gen /etc/localtime /etc/logcheck /etc/login.defs /etc/logrotate.conf /etc/logrotate.d /etc/lsb-release /etc/ltrace.conf /etc/machine-id /etc/magic /etc/magic.mime /etc/mailcap /etc/mailcap.order /etc/manpath.config /etc/mime.types /etc/mke2fs.conf /etc/modprobe.d /etc/modules /etc/modules-load.d /etc/mtab /etc/mtools.conf /etc/mysql /etc/nanorc /etc/netplan /etc/network /etc/networkd-dispatcher /etc/NetworkManager /etc/networks /etc/newt /etc/nsswitch.conf /etc/openvpn /etc/opt /etc/os-release /etc/PackageKit /etc/pam.conf /etc/pam.d /etc/papersize /etc/passwd /etc/passwd- /etc/pcmcia /etc/perl /etc/pki /etc/pm /etc/pnm2ppa.conf /etc/polkit-1 /etc/popularity-contest.conf /etc/ppp /etc/profile /etc/profile.d /etc/protocols /etc/pulse /etc/python3 /etc/python3.8 /etc/rc0.d /etc/rc1.d /etc/rc2.d /etc/rc3.d /etc/rc4.d /etc/rc5.d /etc/rc6.d /etc/rc.local /etc/rcS.d /etc/resolv.conf /etc/rmt /etc/rpc /etc/rsyslog.conf /etc/rsyslog.d /etc/rygel.conf /etc/sane.d /etc/security /etc/selinux /etc/sensors3.conf /etc/sensors.d /etc/services /etc/sgml /etc/shadow /etc/shadow- /etc/shells /etc/skel /etc/snmp /etc/speech-dispatcher /etc/ssh /etc/ssl /etc/subgid /etc/subgid- /etc/subuid /etc/subuid- /etc/sudoers /etc/sudoers.d /etc/sysctl.conf /etc/sysctl.d /etc/systemd /etc/terminfo /etc/thermald /etc/thunderbird /etc/timezone /etc/tmpfiles.d /etc/ubuntu-advantage /etc/ucf.conf /etc/udev /etc/udisks2 /etc/ufw /etc/update-manager /etc/update-motd.d /etc/update-notifier /etc/UPower /etc/usb_modeswitch.conf /etc/usb_modeswitch.d /etc/vim /etc/vmware-tools /etc/vtrgb /etc/vulkan /etc/wgetrc /etc/wpa_supplicant /etc/X11 /etc/xattr.conf /etc/xdg /etc/xml /etc/zsh_command_not_found
nazneen@LAPTOP-DPBP0KKU:~$ 

Question 6 :
nazneen@LAPTOP-DPBP0KKU:~$ echo /etc/*.conf
/etc/adduser.conf /etc/apg.conf /etc/appstream.conf /etc/brltty.conf /etc/ca-certificates.conf /etc/debconf.conf /etc/deluser.conf /etc/e2scrub.conf /etc/fprintd.conf /etc/fuse.conf /etc/gai.conf /etc/hdparm.conf /etc/host.conf /etc/kernel-img.conf /etc/kerneloops.conf /etc/ld.so.conf /etc/libao.conf /etc/libaudit.conf /etc/logrotate.conf /etc/ltrace.conf /etc/mke2fs.conf /etc/mtools.conf /etc/nsswitch.conf /etc/pam.conf /etc/pnm2ppa.conf /etc/popularity-contest.conf /etc/resolv.conf /etc/rsyslog.conf /etc/rygel.conf /etc/sensors3.conf /etc/sysctl.conf /etc/ucf.conf /etc/usb_modeswitch.conf /etc/xattr.conf
nazneen@LAPTOP-DPBP0KKU:~$ 

Question 7 :
nazneen@LAPTOP-DPBP0KKU:~$ touch a.txt
nazneen@LAPTOP-DPBP0KKU:~$ echo Nazneen > a.txt
nazneen@LAPTOP-DPBP0KKU:~$ cat a.txt
Nazneen
nazneen@LAPTOP-DPBP0KKU:~$ 


==============================================================================================
==============================================================================================

Question 1 :
nazneen@LAPTOP-DPBP0KKU:~$ mkdir -p a/b/c
nazneen@LAPTOP-DPBP0KKU:~$ touch a/.a a/b/.b a/b/.c
nazneen@LAPTOP-DPBP0KKU:~$ touch a/a a/b/b a/b/c/c
nazneen@LAPTOP-DPBP0KKU:~$ cp -r a/b/c a
nazneen@LAPTOP-DPBP0KKU:~$ cp a/a a/b

Question 2 :
nazneen@LAPTOP-DPBP0KKU:~$ chmod 400 a/b/c

Question 3 :
nazneen@LAPTOP-DPBP0KKU:~$ cp -r a/b/c .
nazneen@LAPTOP-DPBP0KKU:~$ ls
a  Assignment1  c  Desktop  Documents  Downloads  Music  Pictures  Public  Templates  Videos
nazneen@LAPTOP-DPBP0KKU:~$ 

Question 4 :
nazneen@LAPTOP-DPBP0KKU:~/a$ mkdir b/data

Question 5 :
nazneen@LAPTOP-DPBP0KKU:~/a$ chmod 666 b


Question 6 :
nazneen@LAPTOP-DPBP0KKU:~/a$ sudo mkdir b/data2

Question 7 :
nazneen@LAPTOP-DPBP0KKU:~/a$ touch b/data.txt

Question 8 :
nazneen@LAPTOP-DPBP0KKU:~/a$ mv b/c b/copied_dir

Question 9 : 
nazneen@LAPTOP-DPBP0KKU:~/a$ chmod 111 b/copied_dir

Question 10 :
nazneen@LAPTOP-DPBP0KKU:~/a$ ls b/copied_dir/
ls: cannot open directory 'b/copied_dir/': Permission denied
nazneen@LAPTOP-DPBP0KKU:~/a$ 


Question 11 :
nazneen@LAPTOP-DPBP0KKU:~/a$ mv b/copied_dir/ ..
mv: cannot move 'b/copied_dir/' to '../copied_dir': Permission denied


Question 12 :
nazneen@LAPTOP-DPBP0KKU:~/a$ mv b/data ..
nazneen@LAPTOP-DPBP0KKU:~/a$ ls ~
a  Assignment1  c  data  Desktop  Documents  Downloads  Music  Pictures  Public  Templates  Videos
nazneen@LAPTOP-DPBP0KKU:~/a$ 


Question 13 :
nazneen@LAPTOP-DPBP0KKU:~$ sudo chown root a
nazneen@LAPTOP-DPBP0KKU:~$ ls -l

Question 14 :
nazneen@LAPTOP-DPBP0KKU:~$ sudo chmod 700 a

Question 15 :
nazneen@LAPTOP-DPBP0KKU:~$ sudo mkdir a/dir_sample

Question 16 :
nazneen@LAPTOP-DPBP0KKU:~/a$ mkdir ../x

Question 17 :
nazneen@LAPTOP-DPBP0KKU:~$ mv x a

Question 18 :
nazneen@LAPTOP-DPBP0KKU:~$ mkdir movies

Quesiton 19 :
nazneen@LAPTOP-DPBP0KKU:~$ chgrp sudo movies

Question 20 :
nazneen@LAPTOP-DPBP0KKU:~$ sudo chgrp avahi movies


Question 21 :
nazneen@LAPTOP-DPBP0KKU:~$ sudo chown root movies
nazneen@LAPTOP-DPBP0KKU:~$ sudo chmod 777 movies

Question 22 :
nazneen@LAPTOP-DPBP0KKU:~$ chmod 777 movies
chmod: changing permissions of 'movies': Operation not permitted
nazneen@LAPTOP-DPBP0KKU:~$ 


Question 23 :
nazneen@LAPTOP-DPBP0KKU:~$ sudo chown root movies
nazneen@LAPTOP-DPBP0KKU:~$ sudo chgrp root movies

Question 24 :
nazneen@LAPTOP-DPBP0KKU:~$ chmod 111 movies
chmod: changing permissions of 'movies': Operation not permitted
nazneen@LAPTOP-DPBP0KKU:~$ sudo chmod 771 movies
nazneen@LAPTOP-DPBP0KKU:~$ 


Question 25 :
nazneen@LAPTOP-DPBP0KKU:~$ rm -rf movies


